Rules used : 1 3 4 7 13 14 15 16 16 16 16 16 16 16 16 16 16 18 23 21 6 
 Here are all the grammar used with more detail : 

<Program> -> begin <Code> end

<Code> -> <InstList>

<InstList> -> <Instruction> <InstListPrim>

<Instruction> -> <Assign>

<Assign> -> [VarName] := <ExprArith>

<ExprArith> -> <Term> <ExprArith_prim>

<Term> -> <Atom> <prodPrim>

<Atom> -> MINUS <Atom>

<Atom> -> MINUS <Atom>

<Atom> -> MINUS <Atom>

<Atom> -> MINUS <Atom>

<Atom> -> MINUS <Atom>

<Atom> -> MINUS <Atom>

<Atom> -> MINUS <Atom>

<Atom> -> MINUS <Atom>

<Atom> -> MINUS <Atom>

<Atom> -> MINUS <Atom>

<Atom> -> NUMBER

<prodPrim> -> EPSILON

<ExprArith_prim> -> EPSILON

<InstListPrim> -> EPSILON


